{"synthetic": false,
 "schemaVersion": "2025-09-10",
 "outputs":
 {"o": ["7ef15bb0f56ab170.olean"],
  "i": "deb94aeb8ee8eb66.ilean",
  "c": "1e1c527e99ced0a5.c"},
 "log":
 [{"message":
   ".> LEAN_PATH=/Users/ilpreterosso/VSCode/LEAN/RadiiPolynomial-demo/.lake/packages/batteries/.lake/build/lib/lean:/Users/ilpreterosso/VSCode/LEAN/RadiiPolynomial-demo/.lake/packages/Qq/.lake/build/lib/lean:/Users/ilpreterosso/VSCode/LEAN/RadiiPolynomial-demo/.lake/packages/aesop/.lake/build/lib/lean:/Users/ilpreterosso/VSCode/LEAN/RadiiPolynomial-demo/.lake/packages/proofwidgets/.lake/build/lib/lean:/Users/ilpreterosso/VSCode/LEAN/RadiiPolynomial-demo/.lake/packages/importGraph/.lake/build/lib/lean:/Users/ilpreterosso/VSCode/LEAN/RadiiPolynomial-demo/.lake/packages/LeanSearchClient/.lake/build/lib/lean:/Users/ilpreterosso/VSCode/LEAN/RadiiPolynomial-demo/.lake/packages/plausible/.lake/build/lib/lean:/Users/ilpreterosso/VSCode/LEAN/RadiiPolynomial-demo/.lake/packages/MD4Lean/.lake/build/lib/lean:/Users/ilpreterosso/VSCode/LEAN/RadiiPolynomial-demo/.lake/packages/BibtexQuery/.lake/build/lib/lean:/Users/ilpreterosso/VSCode/LEAN/RadiiPolynomial-demo/.lake/packages/UnicodeBasic/.lake/build/lib/lean:/Users/ilpreterosso/VSCode/LEAN/RadiiPolynomial-demo/.lake/packages/Cli/.lake/build/lib/lean:/Users/ilpreterosso/VSCode/LEAN/RadiiPolynomial-demo/.lake/packages/checkdecls/.lake/build/lib/lean:/Users/ilpreterosso/VSCode/LEAN/RadiiPolynomial-demo/.lake/packages/mathlib/.lake/build/lib/lean:/Users/ilpreterosso/VSCode/LEAN/RadiiPolynomial-demo/.lake/packages/doc-gen4/.lake/build/lib/lean:/Users/ilpreterosso/VSCode/LEAN/RadiiPolynomial-demo/.lake/build/lib/lean /Users/ilpreterosso/.elan/toolchains/leanprover--lean4---v4.26.0-rc2/bin/lean /Users/ilpreterosso/VSCode/LEAN/RadiiPolynomial-demo/RadiiPolynomial/RadiiPolyGeneral.lean -o /Users/ilpreterosso/VSCode/LEAN/RadiiPolynomial-demo/.lake/build/lib/lean/RadiiPolynomial/RadiiPolyGeneral.olean -i /Users/ilpreterosso/VSCode/LEAN/RadiiPolynomial-demo/.lake/build/lib/lean/RadiiPolynomial/RadiiPolyGeneral.ilean -c /Users/ilpreterosso/VSCode/LEAN/RadiiPolynomial-demo/.lake/build/ir/RadiiPolynomial/RadiiPolyGeneral.c --setup /Users/ilpreterosso/VSCode/LEAN/RadiiPolynomial-demo/.lake/build/ir/RadiiPolynomial/RadiiPolyGeneral.setup.json --json",
   "level": "trace"}],
 "inputs":
 [["RadiiPolynomial.RadiiPolyGeneral:deps",
   [["deps",
     [["RadiiPolynomial/RadiiPolynomial:extraDep",
       [["@RadiiPolynomial:extraDep", "00000000000006bb"]]],
      ["imports",
       [["Mathlib.Analysis.Calculus.Deriv.Mul transitive imports (legacy)",
         "0edc736a53584cde"],
        ["Mathlib.Analysis.Calculus.Deriv.Mul:importAllArts",
         "29a76ad46e4b4fda"],
        ["Mathlib.Analysis.Calculus.FDeriv.Basic transitive imports (legacy)",
         "cdad983ca007101a"],
        ["Mathlib.Analysis.Calculus.FDeriv.Basic:importAllArts",
         "88239b6c7f189378"],
        ["Mathlib.Analysis.Calculus.MeanValue transitive imports (legacy)",
         "7922eb5a773f96a9"],
        ["Mathlib.Analysis.Calculus.MeanValue:importAllArts",
         "f40bdcf405888fa8"],
        ["Mathlib.Topology.MetricSpace.Contracting transitive imports (legacy)",
         "a04110744637fcaa"],
        ["Mathlib.Topology.MetricSpace.Contracting:importAllArts",
         "12adb7d08be6c0c2"]]]]],
    ["libs",
     [["import dynlibs", "00000000000006bb"],
      ["package external libraries", "00000000000006bb"],
      ["module dynlibs", "00000000000006bb"],
      ["module plugins", "00000000000006bb"]]]]],
  ["Lean 4.26.0, commit 9d4ad1273f6cea397c3066c2c83062a4410d16bf",
   "c1ab21c0a088cff7"],
  ["/Users/ilpreterosso/VSCode/LEAN/RadiiPolynomial-demo/RadiiPolynomial/RadiiPolyGeneral.lean",
   "d6f400b3dbc12f8b"],
  ["options", "00000000000006bb"],
  ["Module.leanArgs: #[]", "00000000000006bb"]],
 "depHash": "bf95e0b58037c505"}